src/domain/profile/components/ProfileForm.tsx(1,17): error TS6133: 'useState' is declared but its value is never read.
src/domain/profile/ProfilePage.tsx(1,27): error TS6133: 'useEffect' is declared but its value is never read.
src/domain/profile/ProfilePage.tsx(34,9): error TS6133: 'hasProfile' is declared but its value is never read.
src/domain/profile/ProfilePage.tsx(67,21): error TS2322: Type '{ message: string; onRetry: () => void; }' is not assignable to type 'IntrinsicAttributes & ErrorDisplayProps'.
  Property 'message' does not exist on type 'IntrinsicAttributes & ErrorDisplayProps'.
src/domain/profile/ProfilePage.tsx(76,53): error TS2345: Argument of type 'UpdateProfileRequest' is not assignable to parameter of type '{ userId: string; data: UpdateProfileRequest; requesterId: string; }'.
  Type 'UpdateProfileRequest' is missing the following properties from type '{ userId: string; data: UpdateProfileRequest; requesterId: string; }': userId, data, requesterId
src/domain/profile/ProfilePage.tsx(166,37): error TS2322: Type '{ profile: UserProfile; stats: ActivityStats | null; onEditClick: () => void; isOwnProfile: true; }' is not assignable to type 'IntrinsicAttributes & ProfileCardProps'.
  Property 'stats' does not exist on type 'IntrinsicAttributes & ProfileCardProps'.
src/domain/profile/ProfilePage.tsx(178,128): error TS2339: Property 'gamesPlayed' does not exist on type 'ActivityStats'.
src/domain/profile/ProfilePage.tsx(182,128): error TS2339: Property 'wins' does not exist on type 'ActivityStats'.
src/domain/profile/ProfilePage.tsx(186,128): error TS2339: Property 'rank' does not exist on type 'ActivityStats'.
src/domain/profile/ProfilePage.tsx(190,125): error TS2339: Property 'level' does not exist on type 'ActivityStats'.
src/domain/profile/ProfilePage.tsx(224,34): error TS2741: Property 'onCancel' is missing in type '{ profile: UserProfile; onSubmit: (data: UpdateProfileRequest) => Promise<void>; isLoading: boolean; }' but required in type 'ProfileFormProps'.
src/domain/profile/queries/profileQueries.ts(103,23): error TS2322: Type '{ privacySettings: PrivacySettings | null | undefined; displayName: string; bio?: string; avatarUrl?: string; gender?: string | null | undefined; userId: string; joinDate: Date | string; lastActive: Date | string; isPublic: boolean; activityStats?: ActivityStats | null; achievements?: Achievement[]; }' is not assignable to type 'UserProfile'.
  Types of property 'gender' are incompatible.
    Type 'string | null | undefined' is not assignable to type 'string | undefined'.
      Type 'null' is not assignable to type 'string | undefined'.
src/domain/profile/types.ts(97,15): error TS2306: File 'C:/MyPlatform/Codes/mysteriousWebSite/client/src/domain/profile/hooks/cropping/types.ts' is not a module.
src/domain/profile/types.ts(98,1): error TS2308: Module './components/cropping/types' has already exported a member named 'CropResult'. Consider explicitly re-exporting to resolve the ambiguity.
src/domain/profile/utils/ProfileTransformer.test.ts(1,38): error TS2307: Cannot find module 'vitest' or its corresponding type declarations.
